1. >TERM</h2></th>?     
2. allowfullscreen="true"
3. <hr class="hidden-lg hidden-md medium-hr" noshade>
4. <c:set var="mainContent" value=""/><section
5. title=â?enter initial depositsâ? 
6. <th>?
                        <div class="term-head">?
                            <h2>TERM</h2></th>?
                    </div>?
                    <th>?
7. <th colspan=2>





